Funcionalidades principales:
-Iniciar sesión
Permite al usuario acceder al sistema si ya tiene una cuenta creada.
Datos que utiliza:
Email
Contraseña
-Crear cuenta tester
Permite a un administrador crear nuevos usuarios
Datos que utiliza:
Nombre
Apellido
Email
País de nacimiento
Contraseña
Tester Junior/Tester Senior/TesterLíder
-Reiniciar contraseña
Permite recuperar o cambiar la contraseña
Datos que utiliza:
Email
Contraseña
Repetir contraseña
-Crear cuenta administrador
Permite crear una nueva cuenta de usuario
Datos que utiliza:
Nombre
Apellido
Email
Contraseña
Repetir contraseña
País nacimiento
-Ver usuarios
-Eliminar usuarios
Permite borrar usuarios registrados del sistema
Datos que utiliza:
selección del usuario a eliminar
-Ver perfil
Permite visualizar y editar los datos del usuario
Datos que utiliza:
Nombre
Apellido
Email
País
Perfil/rol
-Cerrar sesión
Permite salir de la cuenta actual del usuario
Datos que utiliza:
No requiere ingreso de datos
Comportamiento adicional:
El sistema muestra una ventana de confirmación antes de cerrar la sesión (“Sí” / “Cancelar”)
-Volver al menú principal
Permite regresar a la pantalla principal del sistema
Datos que utiliza:
No requiere datos
-Crear cuenta!
Te lleva a "Crear cuenta administrador"
-Olvide contraseña
Te lleva a "Reiniciar contraseña"

GIT BASH
mateo@DESKTOP-0P6TH4U MINGW64 ~
$ cd "C:\Users\mateo\IdeaProjects\AdminCES"

mateo@DESKTOP-0P6TH4U MINGW64 ~/IdeaProjects/AdminCES (master)
$ git status
On branch master
Your branch is up to date with 'origin/master'.

Changes to be committed:
  (use "git restore --staged <file>..." to unstage)
        renamed:    src/principal/Principal.java -> src/principal/Usuario.java

Changes not staged for commit:
  (use "git add <file>..." to update what will be committed)
  (use "git restore <file>..." to discard changes in working directory)
        modified:   src/principal/Usuario.java

Untracked files:
  (use "git add <file>..." to include in what will be committed)
        .idea/vcs.xml


mateo@DESKTOP-0P6TH4U MINGW64 ~/IdeaProjects/AdminCES (master)
$ git init
Reinitialized existing Git repository in C:/Users/mateo/IdeaProjects/AdminCES/.git/

mateo@DESKTOP-0P6TH4U MINGW64 ~/IdeaProjects/AdminCES (master)
$ git add .

mateo@DESKTOP-0P6TH4U MINGW64 ~/IdeaProjects/AdminCES (master)
$ git status
On branch master
Your branch is up to date with 'origin/master'.

Changes to be committed:
  (use "git restore --staged <file>..." to unstage)
        new file:   .idea/vcs.xml
        deleted:    src/principal/Principal.java
        new file:   src/principal/Usuario.java


mateo@DESKTOP-0P6TH4U MINGW64 ~/IdeaProjects/AdminCES (master)
$ git commit -m "Clase Usuario creada"
[master 027e9b4] Clase Usuario creada
 3 files changed, 28 insertions(+), 4 deletions(-)
 create mode 100644 .idea/vcs.xml
 delete mode 100644 src/principal/Principal.java
 create mode 100644 src/principal/Usuario.java

mateo@DESKTOP-0P6TH4U MINGW64 ~/IdeaProjects/AdminCES (master)
$ git push
Enumerating objects: 11, done.
Counting objects: 100% (11/11), done.
Delta compression using up to 16 threads
Compressing objects: 100% (5/5), done.
Writing objects: 100% (7/7), 968 bytes | 968.00 KiB/s, done.
Total 7 (delta 1), reused 0 (delta 0), pack-reused 0 (from 0)
remote: Resolving deltas: 100% (1/1), completed with 1 local object.
To https://github.com/mateonicolas-2002/AdminCES.git
   8f43e88..027e9b4  master -> master

mateo@DESKTOP-0P6TH4U MINGW64 ~/IdeaProjects/AdminCES (master)
$ git remote -v
origin  https://github.com/mateonicolas-2002/AdminCES.git (fetch)
origin  https://github.com/mateonicolas-2002/AdminCES.git (push)

mateo@DESKTOP-0P6TH4U MINGW64 ~/IdeaProjects/AdminCES (master)
$

-Ya tengo cuenta!
Te lleva a "Iniciar sesión administrador"

## Diagrama de clases UML

![Diagrama UML](imagenes/UML2.jpg)

## Diagrama de clases UML

![Diagrama UML](imagenes/UML2.drawio)
